// Jest Snapshot v1, https://goo.gl/fbAQLP

exports[`CheckboxWidget simple 1`] = `
<div
  className="control"
>
  <label
    className="checkbox"
  >
    <input
      autoFocus={true}
      checked="value"
      disabled={true}
      id="_id"
      name="_id"
      onBlur={[Function]}
      onChange={[Function]}
      onFocus={[Function]}
      required={true}
      type="checkbox"
    />
    Some simple label
  </label>
</div>
`;
