// Jest Snapshot v1, https://goo.gl/fbAQLP

exports[`TitleField simple 1`] = `
<div
  className="title-field"
  id="testid"
>
  Hello
</div>
`;
